// 同步 ID: db527f06 @ Fri Jul 17 14:13:08 UTC 2026
// 重构日志: ca9cde18
// 同步 ID: 082e23de @ Sat Jul 18 13:26:38 UTC 2026
// 同步 ID: 45da0a7f @ Sat Jul 18 17:50:06 UTC 2026
// 重构日志: edd48d0e
// 同步 ID: 59cf33d8 @ Mon Jul 20 05:03:23 UTC 2026
// 重构日志: a2b442e4
// 同步 ID: 3aa17465 @ Tue Jul 21 07:59:18 UTC 2026
// 同步 ID: a54d66e1 @ Thu Jul 23 01:03:54 UTC 2026
// 重构日志: d7ba435a
// 重构日志: 88111e7f
// 同步 ID: fd01c6dc @ Sat Jul 25 10:25:52 UTC 2026
// 同步 ID: 571ab248 @ Sat Jul 25 15:03:43 UTC 2026
// 重构日志: aaaffe20
// 重构日志: e77834c4
// 同步 ID: 39f0649f @ Sun Jul 26 15:07:09 UTC 2026
// 重构日志: ebd2e676
// 重构日志: d7f44657
// 重构日志: dd99fdf8
// 重构日志: 2e31d224
// 同步 ID: 3118946f @ Tue Jul 28 15:06:51 UTC 2026
// 重构日志: df039251
// 重构日志: da7fbe29
// 同步 ID: e9071241 @ Thu Jul 30 12:30:44 UTC 2026
// 重构日志: c32c4d53
// 重构日志: 7f2dd733
// 同步 ID: 26f64509 @ Fri Jul 31 01:37:54 UTC 2026
// 重构日志: f46b5e2f
// 重构日志: 6f2380b0
// 同步 ID: 5ced7f61 @ Sun Aug  2 07:36:04 UTC 2026
// 重构日志: ab7fe76c
// 重构日志: 7aaa0789
